npx --no-install tsc --version >/dev/null 2>&1 || npm install --no-save typescript @types/node
npx tsc
node tools/trace_wasm.mjs
seed 1: 1500스텝, 재시작 7회, 조각 10, 줄 0, 점수 222
seed 2: 1500스텝, 재시작 6회, 조각 7, 줄 0, 점수 188
seed 12345: 1500스텝, 재시작 7회, 조각 5, 줄 0, 점수 94
seed 2654435769: 1500스텝, 재시작 5회, 조각 21, 줄 0, 점수 496
seed 0: 1500스텝, 재시작 7회, 조각 11, 줄 1, 점수 378
seed 4294967295: 1500스텝, 재시작 6회, 조각 9, 줄 0, 점수 208

배치 트레이스: 1960경우, 줄 지움 462, T스핀 2
연쇄 트레이스: 36라운드, 최대콤보 9, 최대레벨 4, B2B 19회

기록: /root/github/treasure_house/tetris_ts/test/golden/core_traces.json (300 KB)
node tools/trace_ai_wasm.mjs
평가 트레이스: 203경우
탐색 트레이스: 1421경우, 둘 수 없음 91, 홀드 사용 267
실전 트레이스: 56판, 최고 159줄 (가중치 2 · 시드 1 · every 0, 공격 29, 조각 400)

기록: /root/github/treasure_house/tetris_ts/test/golden/ai_traces.json (149 KB)
node tools/trace_ga_js.mjs
순수 함수 트레이스: 난수 40, 정규분포 32, 유전자 12, 토너먼트 16, 교차 16, 변이 16
진화 루프: 기본 6세대 최고 16.0, 가비지 모드 6세대 최고 14.5

기록: /root/github/treasure_house/tetris_ts/test/golden/ga_traces.json (14 KB)
