npx --no-install tsc --version >/dev/null 2>&1 || npm install --no-save typescript @types/node
npx tsc
node dist/bot_client.js --match --port 8787
서버 기동 — ws://127.0.0.1:8787/ws
방 개설 — 코드 WXTV
좌석 8석 완료 — 시작
  PC1: 좌석 0,1 시작 (시드 352504640)
  PC2: 좌석 2,3 시작 (시드 352504640)
  PC3: 좌석 4,5 시작 (시드 352504640)
  PC4: 좌석 6,7 시작 (시드 352504640)
  KO 좌석 6 → 8등 (막타 좌석 0)
  KO 좌석 4 → 7등 (막타 좌석 0)
  KO 좌석 1 → 6등 (막타 좌석 5)
  KO 좌석 2 → 5등 (막타 좌석 5)
  KO 좌석 5 → 4등 (막타 좌석 0)
  KO 좌석 7 → 3등 (막타 좌석 0)
  KO 좌석 3 → 2등 (막타 좌석 0)

등수 | 좌석 | 이름   | 난이도  | 보낸줄 | 맞은줄 | 지운줄 | 점수
-----+------+--------+---------+--------+--------+--------+--------
   1 |    0 | 보라     | max     |     47 |      4 |     64 |  47818
   2 |    3 | 해든     | easy    |      5 |     26 |     31 |   9684
   3 |    7 | 지호     | easy    |      2 |     21 |     25 |   6522
   4 |    5 | 가온     | hard    |     17 |     15 |     38 |  15652
   5 |    2 | 아라     | normal  |      5 |     11 |     22 |   6246
   6 |    1 | 다온     | hard    |     11 |     13 |     24 |   7210
   7 |    4 | 나린     | max     |     21 |      5 |     27 |  12446
   8 |    6 | 시우     | normal  |      2 |     15 |     15 |   3756

공격 51회 → 가비지 배달 51회
보냄 1342개 / 154.3 KB   받음 4067개 / 483.8 KB  (JSON 본문 기준, 프레임 헤더 제외)
PC 1대당 평균 1.77 KB/s 업 · 5.54 KB/s 다운
경기 시간 21.8초, 우승 좌석 0
