npx --no-install tsc --version >/dev/null 2>&1 || npm install --no-save typescript @types/node
npx tsc
node dist/train.js --pop 32 --gen 50
GA 시작 — 개체 32, 세대 50, 조각 상한 400, 목표 attack, 시드 [1,2,3]
세대 | 최고    평균    최저   | 지운줄 | 놓은수 | 소요
-----+------------------------+--------+--------+------
   1 |   26.3     1.7       0 |  157.3 |    400 | 1.4s
   2 |     30     6.2       0 |    159 |    400 | 2.9s
   3 |     39    12.4       0 |    155 |    400 | 5.4s
   4 |     39    14.8       0 |    155 |    400 | 8.0s
   5 |     39    16.8       0 |    155 |    400 | 8.6s
   6 |   39.3      18       0 |  136.7 |    363 | 5.9s
   7 |   39.3    19.1       0 |  136.7 |    363 | 7.7s
   8 |   39.3    18.5       0 |  136.7 |    363 | 6.2s
   9 |   45.7    22.3       0 |  154.3 |    400 | 7.5s
  10 |   60.3    22.1       0 |  157.3 |    400 | 7.6s
  11 |   64.7    28.3       0 |    154 |    400 | 6.2s
  12 |     77    27.3       0 |    158 |    400 | 6.7s
  13 |   85.7    35.9       0 |  153.3 |    400 | 8.6s
  14 |   85.7    36.1       0 |  153.3 |    400 | 6.1s
  15 |     91    46.4       0 |    153 |    400 | 7.1s
  16 |     99    47.7       0 |  153.3 |    400 | 7.6s
  17 |     99    51.6       0 |  153.3 |    400 | 6.1s
  18 |     99    36.1       0 |  153.3 |    400 | 4.1s
  19 |    103    46.7       0 |  154.7 |    400 | 8.2s
  20 |    107    58.2       0 |    151 |    400 | 7.7s
  21 |    111      63       0 |  151.3 |    400 | 7.1s
  22 |    111    54.9       0 |  151.3 |    400 | 6.2s
  23 |    115    52.3       0 |  153.7 |    400 | 7.3s
  24 |    115    58.3       0 |  153.7 |    400 | 6.9s
  25 |  121.7    50.9       0 |    152 |    400 | 6.0s
  26 |  121.7    69.8       0 |    152 |    400 | 7.4s
  27 |  121.7      49       0 |    152 |    400 | 4.2s
  28 |  121.7    65.2       0 |    152 |    400 | 5.7s
  29 |  121.7      58       0 |    152 |    400 | 6.0s
  30 |  121.7    68.8     0.3 |    152 |    400 | 5.5s
  31 |  121.7    61.3       0 |    152 |    400 | 6.6s
  32 |  121.7    72.5       0 |    152 |    400 | 7.1s
  33 |  121.7    72.9       0 |    152 |    400 | 8.0s
  34 |  121.7    63.7       0 |    152 |    400 | 7.0s
  35 |  126.7    61.6       0 |    149 |    400 | 7.1s
  36 |  126.7    52.1       0 |    149 |    400 | 6.3s
  37 |  126.7    64.4       0 |    149 |    400 | 7.5s
  38 |  127.3    66.6       0 |    153 |    400 | 5.4s
  39 |  127.3      64       0 |    153 |    400 | 7.7s
  40 |  127.3    62.2       0 |    153 |    400 | 5.0s
  41 |  127.3    45.9       0 |    153 |    400 | 3.8s
  42 |  127.3    55.6       0 |    153 |    400 | 4.7s
  43 |  127.3    66.3       0 |    153 |    400 | 8.4s
  44 |  127.3    49.4       0 |    153 |    400 | 7.4s
  45 |  127.3    62.8       0 |    153 |    400 | 8.1s
  46 |  127.3    54.4       0 |    153 |    400 | 7.5s
  47 |  127.3    61.7       0 |    153 |    400 | 7.5s
  48 |  127.3    54.6       0 |    153 |    400 | 6.7s
  49 |  127.3    52.9       0 |    153 |    400 | 6.7s
  50 |  127.3    56.1       0 |    153 |    400 | 8.0s

최종 가중치
  줄수      0.0733
  높이합     0.0648
  구멍     -0.4780
  요철      0.2103
  우물     -0.0090
  행전이    -0.3918
  열전이    -0.5047
  착지높이   -0.5563

적합도(평균 보낸 줄) 127.3

weights.json, ga_log.json 저장 완료
