< 000eversion 2\n
< 001bagent=git/2.55.0-Linux\n
< 0013ls-refs=unborn\n
< 0020fetch=shallow wait-for-done\n
< 0012server-option\n
< 0017object-format=sha1\n
< 0000
> 0014command=ls-refs\n
> 0017object-format=sha1\n
> 0001
> 0009peel\n
> 000csymrefs\n
> 001fref-prefix refs/heads/main\n
> 001eref-prefix refs/heads/old\n
> 0000
< 003d836b4c3c108474904c5c4e7040627405e220aebb refs/heads/main\n
< 003c92e365e7d49b4f2a3ccb29450b0055df30028821 refs/heads/old\n
< 0000
> 0012command=fetch\n
> 0017object-format=sha1\n
> 0001
> 000eofs-delta\n
> 0010no-progress\n
> 0032want 836b4c3c108474904c5c4e7040627405e220aebb\n
> 0032want 92e365e7d49b4f2a3ccb29450b0055df30028821\n
> 0009done\n
> 0000
< 000dpackfile\n
< 028c [pack 647 bytes]
< 0006 [pack 1 bytes]
< 0000
