JAVA_OPTS_KC_HEAP already set in environment; overriding default settings
Changes detected in configuration. Updating the server image.
WARNING: Usage of the default value for the db option in the production profile is deprecated. Please explicitly set the db instead.
Updating the configuration and installing your custom providers, if any. Please wait.
2026-09-08 15:58:45,818 WARN  [org.keycloak.common.Profile] (build-5) Deprecated features identity-brokering-api:v1, twitter-broker:v1 enabled by default. Check the upgrading guide for steps to use later versions if available.
2026-09-08 15:58:46,604 INFO  [org.freedesktop.dbus.connections.transports.TransportBuilder] (build-4) Using transport dbus-java-transport-native-unixsocket for address unix:path=/var/run/dbus/system_bus_socket
2026-09-08 15:58:58,926 INFO  [io.quarkus.deployment.QuarkusAugmentor] (main) Quarkus augmentation completed in 15030ms
Server configuration updated and persisted. Run the following command to review the configuration:

	kc.sh show-config

Next time you run the server, just add --optimized to the command to ensure this build is used.
2026-09-08 15:59:02,471 INFO  [org.infinispan.CONTAINER] (main) ISPN000974: Virtual threads support: enabled
2026-09-08 15:59:03,356 INFO  [org.hibernate.orm.jdbc.batch] (JPA Startup Thread) HHH100501: Automatic JDBC statement batching enabled (maximum batch size 32)
2026-09-08 15:59:03,411 WARN  [org.keycloak.common.Profile] (main) Deprecated features identity-brokering-api:v1, twitter-broker:v1 enabled by default. Check the upgrading guide for steps to use later versions if available.
2026-09-08 15:59:03,949 INFO  [org.keycloak.quarkus.runtime.storage.database.jpa.DatabaseIndexChecker] (db-index-checker) Running database index checker
2026-09-08 15:59:04,575 INFO  [org.infinispan.CONTAINER] (main) ISPN000556: Starting user marshaller 'org.infinispan.commons.marshall.ImmutableProtoStreamMarshaller'
2026-09-08 15:59:04,816 INFO  [org.keycloak.connections.infinispan.DefaultInfinispanConnectionProviderFactory] (main) Node name: node_63644, Site name: null, Cluster name: ISPN
2026-09-08 15:59:04,819 INFO  [org.keycloak.models.workflow.WorkflowsEventListenerFactory] (main) Workflow runner task scheduled: next execution at 03:59:04, then every PT12H
2026-09-08 15:59:05,047 INFO  [org.keycloak.services] (main) KC-SERVICES0034: Export of realm 'campus' requested.
2026-09-08 15:59:05,355 INFO  [org.keycloak.exportimport.dir.DirExportProvider] (main) Exporting into directory /root/github/treasure_house/keycloak_ad/out/.kc_export
2026-09-08 15:59:05,394 INFO  [org.keycloak.exportimport.dir.DirExportProvider] (main) Realm 'campus' - data exported
2026-09-08 15:59:05,409 INFO  [org.keycloak.services] (main) KC-SERVICES0035: Export finished successfully
2026-09-08 15:59:05,428 INFO  [org.keycloak.services.resources.KeycloakApplication] (main) Bootstrap completed in 2.016000 seconds
2026-09-08 15:59:05,439 INFO  [io.quarkus] (main) Keycloak 26.7.3 on JVM (powered by Quarkus 3.33.3.1) started in 5.968s. Listening on: 
2026-09-08 15:59:05,440 INFO  [io.quarkus] (main) Profile nonserver activated. 
2026-09-08 15:59:05,440 INFO  [io.quarkus] (main) Installed features: [agroal, cdi, hibernate-orm, jdbc-h2, keycloak, narayana-jta, opentelemetry, rest, rest-jackson, smallrye-context-propagation, vertx]
2026-09-08 15:59:06,456 INFO  [com.arjuna.ats.jbossatx] (main) ARJUNA032014: Stopping transaction recovery manager
2026-09-08 15:59:06,503 INFO  [io.quarkus] (main) Keycloak stopped in 1.060s
