09:00:00 가짜 AD 시작 — 2026-09-08
2026/09/08 09:00:00 평문 LDAP 듣는 중 [::]:10389
2026/09/08 09:00:00 항목 15개 · data/campus.ldif
09:00:00 [1] 127.0.0.1:50000 연결됨 (평문)
09:00:00 [1] #1 BIND dn="CN=svc-keycloak,OU=Service Accounts,DC=ad,DC=campus,DC=example" → success
09:00:00 [1] 끊김
09:00:00 [2] 127.0.0.1:50000 연결됨 (평문)
09:00:00 [2] #1 BIND dn="CN=svc-keycloak,OU=Service Accounts,DC=ad,DC=campus,DC=example" → success
09:00:00 [2] #2 SEARCH base="OU=Groups,DC=ad,DC=campus,DC=example" scope=sub
09:00:00 [2] #2        filter=(&(objectclass=group))
09:00:00 [2] #2        attrs=[objectGUID cn objectclass] → 3건 success
09:00:00 [2] #3 SEARCH base="DC=ad,DC=campus,DC=example" scope=sub
09:00:00 [2] #3        filter=(&(objectclass=person)(objectclass=organizationalPerson)
09:00:00               (objectclass=user))
09:00:00 [2] #3        attrs=[whenChanged whenCreated mail sAMAccountName givenName objectGUID sn
09:00:00               objectclass userPrincipalName userAccountControl pwdLastSet] → 7건 success
09:00:00 [2] #4 SEARCH base="DC=ad,DC=campus,DC=example" scope=sub
09:00:00 [2] #4        filter=(objectGUID=\ca\c2\10\00\f2d9\fc\c0\0bU\c4z\a3@T)
09:00:00 [2] #4        attrs=[whenChanged whenCreated mail sAMAccountName givenName objectGUID sn
09:00:00               objectclass userPrincipalName userAccountControl pwdLastSet] → 1건 success
09:00:00 [2] #5 SEARCH base="DC=ad,DC=campus,DC=example" scope=sub
09:00:00 [2] #5        filter=(objectGUID=c\b9\144\b5\d1h\f1\8c\c6%v\ef%\8bj)
09:00:00 [2] #5        attrs=[whenChanged whenCreated mail sAMAccountName givenName objectGUID sn
09:00:00               objectclass userPrincipalName userAccountControl pwdLastSet] → 1건 success
09:00:00 [2] #6 SEARCH base="DC=ad,DC=campus,DC=example" scope=sub
09:00:00 [2] #6        filter=(objectGUID=\fb\b1\18hx=\97\e6Y\82\f5\29d\a7\d6\80)
09:00:00 [2] #6        attrs=[whenChanged whenCreated mail sAMAccountName givenName objectGUID sn
09:00:00               objectclass userPrincipalName userAccountControl pwdLastSet] → 1건 success
09:00:00 [2] #7 SEARCH base="DC=ad,DC=campus,DC=example" scope=sub
09:00:00 [2] #7        filter=(objectGUID=\98\d3\08\98m\8b\dc\12'\95\b5_\90\a0\aa\29)
09:00:00 [2] #7        attrs=[whenChanged whenCreated mail sAMAccountName givenName objectGUID sn
09:00:00               objectclass userPrincipalName userAccountControl pwdLastSet] → 1건 success
09:00:00 [2] #8 SEARCH base="DC=ad,DC=campus,DC=example" scope=sub
09:00:00 [2] #8        filter=(objectGUID=1\ca\0c\cc0\f8\0a\07\f3P\85\11\05"\f5>)
09:00:00 [2] #8        attrs=[whenChanged whenCreated mail sAMAccountName givenName objectGUID sn
09:00:00               objectclass userPrincipalName userAccountControl pwdLastSet] → 1건 success
09:00:00 [2] #9 SEARCH base="DC=ad,DC=campus,DC=example" scope=sub
09:00:00 [2] #9        filter=(objectGUID=-\9f \d0\fe\16\f4\cf\f2\f8\95\8eM\aam\ab)
09:00:00 [2] #9        attrs=[whenChanged whenCreated mail sAMAccountName givenName objectGUID sn
09:00:00               objectclass userPrincipalName userAccountControl pwdLastSet] → 1건 success
09:00:00 [2] #10 SEARCH base="DC=ad,DC=campus,DC=example" scope=sub
09:00:00 [2] #10        filter=(objectGUID=\94\a8\1c\9c;\aa\c5\db%=\c5\db\d8\29!\96)
09:00:00 [2] #10        attrs=[whenChanged whenCreated mail sAMAccountName givenName objectGUID sn
09:00:00                objectclass userPrincipalName userAccountControl pwdLastSet] → 1건 success
09:00:00 [2] #11 SEARCH base="DC=ad,DC=campus,DC=example" scope=sub
09:00:00 [2] #11        filter=(&(objectclass=person)(objectclass=organizationalPerson)
09:00:00                (objectclass=user))
09:00:00 [2] #11        attrs=[whenChanged whenCreated mail sAMAccountName givenName objectGUID sn
09:00:00                objectclass userPrincipalName userAccountControl pwdLastSet] → 7건 success
09:00:00 [2] #12 SEARCH base="DC=ad,DC=campus,DC=example" scope=sub
09:00:00 [2] #12        filter=(objectGUID=\98\d3\08\98m\8b\dc\12'\95\b5_\90\a0\aa\29)
09:00:00 [2] #12        attrs=[whenChanged whenCreated mail sAMAccountName givenName objectGUID sn
09:00:00                objectclass userPrincipalName userAccountControl pwdLastSet] → 1건 success
09:00:00 [2] #13 SEARCH base="DC=ad,DC=campus,DC=example" scope=sub
09:00:00 [2] #13        filter=(&(sAMAccountName=minji)(objectclass=person)
09:00:00                (objectclass=organizationalPerson)(objectclass=user))
09:00:00 [2] #13        attrs=[whenChanged whenCreated mail sAMAccountName givenName objectGUID sn
09:00:00                objectclass userPrincipalName userAccountControl pwdLastSet] → 1건 success
09:00:00 [2] #14 SEARCH base="DC=ad,DC=campus,DC=example" scope=sub
09:00:00 [2] #14        filter=(objectGUID=\98\d3\08\98m\8b\dc\12'\95\b5_\90\a0\aa\29)
09:00:00 [2] #14        attrs=[whenChanged whenCreated mail sAMAccountName givenName objectGUID sn
09:00:00                objectclass userPrincipalName userAccountControl pwdLastSet] → 1건 success
09:00:00 [3] 127.0.0.1:50000 연결됨 (평문)
09:00:00 [3] #1 BIND dn="CN=Kim Minji,OU=Students,DC=ad,DC=campus,DC=example" → success
09:00:00 [3] #2 UNBIND
09:00:00 [3] 끊김
09:00:00 [2] #15 SEARCH base="DC=ad,DC=campus,DC=example" scope=sub
09:00:00 [2] #15        filter=(objectGUID=\98\d3\08\98m\8b\dc\12'\95\b5_\90\a0\aa\29)
09:00:00 [2] #15        attrs=[whenChanged whenCreated mail sAMAccountName givenName objectGUID sn
09:00:00                objectclass userPrincipalName userAccountControl pwdLastSet] → 1건 success
09:00:00 [2] #16 SEARCH base="OU=Groups,DC=ad,DC=campus,DC=example" scope=sub
09:00:00 [2] #16        filter=(&(member=CN=Kim Minji,OU=Students,DC=ad,DC=campus,DC=example)
09:00:00                (objectclass=group))
09:00:00 [2] #16        attrs=[objectGUID cn objectclass] → 2건 success
09:00:00 [2] 끊김
