JAVA_OPTS_KC_HEAP already set in environment; overriding default settings
Running the server in development mode. DO NOT use this configuration in production.
2026-09-09 07:31:53,701 INFO  [org.infinispan.CONTAINER] (main) ISPN000974: Virtual threads support: enabled
2026-09-09 07:31:54,733 INFO  [org.hibernate.orm.jdbc.batch] (JPA Startup Thread) HHH100501: Automatic JDBC statement batching enabled (maximum batch size 32)
2026-09-09 07:31:54,905 WARN  [org.keycloak.common.Profile] (main) Deprecated features identity-brokering-api:v1, twitter-broker:v1 enabled by default. Check the upgrading guide for steps to use later versions if available.
2026-09-09 07:31:54,976 INFO  [org.keycloak.quarkus.runtime.storage.database.jpa.DatabaseIndexChecker] (db-index-checker) Running database index checker
2026-09-09 07:31:55,720 INFO  [org.infinispan.CONTAINER] (main) ISPN000556: Starting user marshaller 'org.infinispan.commons.marshall.ImmutableProtoStreamMarshaller'
2026-09-09 07:31:56,033 INFO  [org.keycloak.connections.infinispan.DefaultInfinispanConnectionProviderFactory] (main) Node name: node_396838, Site name: null, Cluster name: ISPN
2026-09-09 07:31:56,059 INFO  [org.keycloak.models.workflow.WorkflowsEventListenerFactory] (main) Workflow runner task scheduled: next execution at 19:31:56, then every PT12H
2026-09-09 07:31:56,212 INFO  [org.keycloak.exportimport.dir.DirImportProvider] (main) Importing from directory /root/github/treasure_house/keycloak_ad/kc/keycloak-26.7.3/bin/../data/import
2026-09-09 07:31:56,577 INFO  [org.keycloak.exportimport.singlefile.SingleFileImportProvider] (main) Full importing from file /root/github/treasure_house/keycloak_ad/kc/keycloak-26.7.3/bin/../data/import/realm-campus.json
2026-09-09 07:31:56,761 INFO  [org.keycloak.exportimport.util.ImportUtils] (main) Realm 'campus' already exists. Import skipped
2026-09-09 07:31:56,765 INFO  [org.keycloak.services] (main) KC-SERVICES0030: Full model import requested. Strategy: IGNORE_EXISTING
2026-09-09 07:31:56,766 INFO  [org.keycloak.services] (main) KC-SERVICES0032: Import finished successfully
2026-09-09 07:31:56,822 INFO  [org.keycloak.services.resources.KeycloakApplication] (main) Bootstrap completed in 1.915000 seconds
2026-09-09 07:31:56,952 INFO  [io.quarkus] (main) Keycloak 26.7.3 on JVM (powered by Quarkus 3.33.3.1) started in 6.376s. Listening on: http://localhost:8080. Management interface listening on http://0.0.0.0:9000.
2026-09-09 07:31:56,953 INFO  [io.quarkus] (main) Profile dev activated. 
2026-09-09 07:31:56,953 INFO  [io.quarkus] (main) Installed features: [agroal, cdi, hibernate-orm, jdbc-h2, keycloak, micrometer, narayana-jta, opentelemetry, rest, rest-jackson, smallrye-context-propagation, smallrye-health, vertx]
2026-09-09 07:31:58,447 ERROR [org.keycloak.services.resources.admin.RealmsAdminResource] (executor-thread-1) Conflict detected: org.keycloak.models.ModelDuplicateException: Realm campus already exists
	at org.keycloak.services.managers.RealmManager.importRealm(RealmManager.java:605)
	at org.keycloak.services.managers.RealmManager.importRealm(RealmManager.java:577)
	at org.keycloak.services.managers.RealmManagerProviderFactory.lambda$postInit$0(RealmManagerProviderFactory.java:54)
	at org.keycloak.services.DefaultKeycloakSessionFactory.publish(DefaultKeycloakSessionFactory.java:87)
	at org.keycloak.storage.ImportRealmFromRepresentationEvent.fire(ImportRealmFromRepresentationEvent.java:50)
	at org.keycloak.storage.datastore.DefaultExportImportManager.importRealm(DefaultExportImportManager.java:204)
	at org.keycloak.services.resources.admin.RealmsAdminResource.importRealm(RealmsAdminResource.java:173)
	at org.keycloak.services.resources.admin.RealmsAdminResource$quarkusrestinvoker$importRealm_37a293e60e353619b43f3749caba299f4851581f.invoke(Unknown Source)
	at org.jboss.resteasy.reactive.server.handlers.InvocationHandler.handle(InvocationHandler.java:29)
	at org.keycloak.quarkus.runtime.integration.resteasy.TransactionalSessionHandler.handle(TransactionalSessionHandler.java:85)
	at io.quarkus.resteasy.reactive.server.runtime.QuarkusResteasyReactiveRequestContext.invokeHandler(QuarkusResteasyReactiveRequestContext.java:190)
	at org.jboss.resteasy.reactive.common.core.AbstractResteasyReactiveContext.run(AbstractResteasyReactiveContext.java:147)
	at io.quarkus.vertx.core.runtime.VertxCoreRecorder$15.runWith(VertxCoreRecorder.java:695)
	at org.jboss.threads.EnhancedQueueExecutor$Task.doRunWith(EnhancedQueueExecutor.java:2651)
	at org.jboss.threads.EnhancedQueueExecutor$Task.run(EnhancedQueueExecutor.java:2630)
	at org.jboss.threads.EnhancedQueueExecutor.runThreadBody(EnhancedQueueExecutor.java:1622)
	at org.jboss.threads.EnhancedQueueExecutor$ThreadBody.run(EnhancedQueueExecutor.java:1589)
	at org.jboss.threads.DelegatingRunnable.run(DelegatingRunnable.java:11)
	at org.jboss.threads.ThreadLocalResettingRunnable.run(ThreadLocalResettingRunnable.java:11)
	at io.netty.util.concurrent.FastThreadLocalRunnable.run(FastThreadLocalRunnable.java:30)
	at java.base/java.lang.Thread.run(Thread.java:1583)

2026-09-09 07:31:58,635 INFO  [org.hibernate.orm.jdbc.batch] (executor-thread-1) HHH100503: JDBC batch still contained JDBC statements on release
2026-09-09 07:31:59,797 INFO  [org.keycloak.storage.ldap.LDAPIdentityStoreRegistry] (executor-thread-1) Creating new LDAP Store for the LDAP storage provider: 'ad-campus', LDAP Configuration: {krbPrincipalAttribute=[userPrincipalName], pagination=[true], searchScope=[2], useTruststoreSpi=[always], usersDn=[DC=ad,DC=campus,DC=example], connectionPooling=[true], cachePolicy=[DEFAULT], lastSync_CHANGED=[1788914008], lastSync_FULL=[1788914008], trustEmail=[false], importEnabled=[true], userObjectClasses=[person, organizationalPerson, user], enabled=[true], usernameLDAPAttribute=[sAMAccountName], bindDn=[CN=svc-keycloak,OU=Service Accounts,DC=ad,DC=campus,DC=example], rdnLDAPAttribute=[cn], vendor=[ad], editMode=[READ_ONLY], uuidLDAPAttribute=[objectGUID], connectionUrl=[ldap://localhost:10389], syncRegistrations=[false], authType=[simple], batchSizeForSync=[100]}, binaryAttributes: []
2026-09-09 07:31:59,860 INFO  [org.keycloak.storage.ldap.LDAPStorageProviderFactory] (executor-thread-1) Sync of federation mapper 'groups' finished. Status: UserFederationSyncResult [ 0 imported groups, 3 updated groups, 0 removed groups ]
2026-09-09 07:31:59,861 INFO  [org.keycloak.storage.ldap.LDAPStorageProviderFactory] (executor-thread-1) Sync all users from LDAP to local store: realm: 5ef16c49-dec9-4757-899b-e80b65b27a1a, federation provider: ad-campus
2026-09-09 07:31:59,905 INFO  [org.keycloak.storage.ldap.LDAPStorageProviderFactory] (executor-thread-1) Sync all users finished: 0 imported users, 7 updated users
2026-09-09 07:32:00,067 INFO  [org.keycloak.storage.ldap.LDAPIdentityStoreRegistry] (executor-thread-1) Creating new LDAP Store for the LDAP storage provider: 'ad-campus', LDAP Configuration: {krbPrincipalAttribute=[userPrincipalName], pagination=[true], searchScope=[2], useTruststoreSpi=[always], connectionPooling=[true], usersDn=[DC=ad,DC=campus,DC=example], cachePolicy=[DEFAULT], trustEmail=[false], lastSync_CHANGED=[1788914008], lastSync_FULL=[1788939119], importEnabled=[true], enabled=[true], userObjectClasses=[person, organizationalPerson, user], bindDn=[CN=svc-keycloak,OU=Service Accounts,DC=ad,DC=campus,DC=example], usernameLDAPAttribute=[sAMAccountName], rdnLDAPAttribute=[cn], vendor=[ad], editMode=[READ_ONLY], uuidLDAPAttribute=[objectGUID], connectionUrl=[ldap://localhost:10389], syncRegistrations=[false], batchSizeForSync=[100], authType=[simple]}, binaryAttributes: []
2026-09-09 07:32:03,312 WARN  [org.keycloak.events] (executor-thread-1) type="LOGIN_ERROR", realmId="5ef16c49-dec9-4757-899b-e80b65b27a1a", realmName="campus", clientId="lunch-web", userId="ac9093ef-a812-49f7-86aa-ee476e92e592", ipAddress="127.0.0.1", error="invalid_user_credentials", auth_method="openid-connect", auth_type="code", redirect_uri="http://localhost:9001/callback", code_id="mHMHi-fx8EaLdfKVTn-OD04B", username="minji"
2026-09-09 07:32:03,587 WARN  [org.keycloak.events] (executor-thread-1) type="LOGIN_ERROR", realmId="5ef16c49-dec9-4757-899b-e80b65b27a1a", realmName="campus", clientId="lunch-web", userId="29cbfa5f-3647-4a5f-b5f2-6801dbf736ac", ipAddress="127.0.0.1", error="invalid_user_credentials", auth_method="openid-connect", auth_type="code", redirect_uri="http://localhost:9001/callback", code_id="xpXdu9WYyF6l5cACrwaetJj3", username="jisoo.oh"
2026-09-09 07:32:03,856 WARN  [org.keycloak.events] (executor-thread-1) type="LOGIN_ERROR", realmId="5ef16c49-dec9-4757-899b-e80b65b27a1a", realmName="campus", clientId="lunch-web", userId="null", ipAddress="127.0.0.1", error="user_not_found", auth_method="openid-connect", auth_type="code", redirect_uri="http://localhost:9001/callback", code_id="mi9WY4V4lyb-1fABUhQ9s_LM", username="없는사람"
2026-09-09 07:32:05,238 INFO  [org.keycloak.storage.ldap.LDAPStorageProviderFactory] (executor-thread-1) Sync of federation mapper 'groups' finished. Status: UserFederationSyncResult [ 0 imported groups, 3 updated groups, 0 removed groups ]
2026-09-09 07:32:05,238 INFO  [org.keycloak.storage.ldap.LDAPStorageProviderFactory] (executor-thread-1) Sync all users from LDAP to local store: realm: 5ef16c49-dec9-4757-899b-e80b65b27a1a, federation provider: ad-campus
2026-09-09 07:32:05,261 INFO  [org.keycloak.storage.ldap.LDAPStorageProviderFactory] (executor-thread-1) Sync all users finished: 7 imported users, 0 updated users
2026-09-09 07:32:05,336 INFO  [org.keycloak.storage.ldap.LDAPIdentityStoreRegistry] (executor-thread-1) Creating new LDAP Store for the LDAP storage provider: 'ad-campus', LDAP Configuration: {krbPrincipalAttribute=[userPrincipalName], pagination=[true], searchScope=[2], useTruststoreSpi=[always], connectionPooling=[true], usersDn=[DC=ad,DC=campus,DC=example], cachePolicy=[DEFAULT], lastSync_CHANGED=[1788914008], trustEmail=[false], lastSync_FULL=[1788939125], importEnabled=[true], userObjectClasses=[person, organizationalPerson, user], enabled=[true], bindDn=[CN=svc-keycloak,OU=Service Accounts,DC=ad,DC=campus,DC=example], usernameLDAPAttribute=[sAMAccountName], rdnLDAPAttribute=[cn], vendor=[ad], editMode=[READ_ONLY], uuidLDAPAttribute=[objectGUID], connectionUrl=[ldap://localhost:10389], syncRegistrations=[false], authType=[simple], batchSizeForSync=[100]}, binaryAttributes: []
2026-09-09 07:32:05,612 INFO  [org.keycloak.storage.ldap.LDAPIdentityStoreRegistry] (executor-thread-1) Creating new LDAP Store for the LDAP storage provider: 'ad-campus', LDAP Configuration: {krbPrincipalAttribute=[userPrincipalName], customUserSearchFilter=[(&(!(sAMAccountName=svc-*)))], pagination=[true], searchScope=[2], useTruststoreSpi=[always], connectionPooling=[true], usersDn=[DC=ad,DC=campus,DC=example], cachePolicy=[DEFAULT], trustEmail=[false], lastSync_FULL=[1788939125], lastSync_CHANGED=[1788914008], importEnabled=[true], enabled=[true], userObjectClasses=[person, organizationalPerson, user], usernameLDAPAttribute=[sAMAccountName], bindDn=[CN=svc-keycloak,OU=Service Accounts,DC=ad,DC=campus,DC=example], rdnLDAPAttribute=[cn], vendor=[ad], editMode=[READ_ONLY], uuidLDAPAttribute=[objectGUID], connectionUrl=[ldap://localhost:10389], syncRegistrations=[false], batchSizeForSync=[100], authType=[simple]}, binaryAttributes: []
2026-09-09 07:32:05,616 INFO  [org.keycloak.storage.ldap.LDAPStorageProviderFactory] (executor-thread-1) Sync of federation mapper 'groups' finished. Status: UserFederationSyncResult [ 0 imported groups, 3 updated groups, 0 removed groups ]
2026-09-09 07:32:05,616 INFO  [org.keycloak.storage.ldap.LDAPStorageProviderFactory] (executor-thread-1) Sync all users from LDAP to local store: realm: 5ef16c49-dec9-4757-899b-e80b65b27a1a, federation provider: ad-campus
2026-09-09 07:32:05,630 INFO  [org.keycloak.storage.ldap.LDAPStorageProviderFactory] (executor-thread-1) Sync all users finished: 0 imported users, 6 updated users
2026-09-09 07:32:06,841 INFO  [org.keycloak.storage.ldap.LDAPIdentityStoreRegistry] (executor-thread-1) Creating new LDAP Store for the LDAP storage provider: 'ad-campus', LDAP Configuration: {krbPrincipalAttribute=[userPrincipalName], pagination=[true], searchScope=[2], useTruststoreSpi=[always], connectionPooling=[true], usersDn=[DC=ad,DC=campus,DC=example], cachePolicy=[DEFAULT], trustEmail=[false], lastSync_FULL=[1788939125], lastSync_CHANGED=[1788914008], importEnabled=[true], userObjectClasses=[person, organizationalPerson, user], enabled=[true], bindDn=[CN=svc-keycloak,OU=Service Accounts,DC=ad,DC=campus,DC=example], usernameLDAPAttribute=[userPrincipalName], rdnLDAPAttribute=[cn], vendor=[ad], editMode=[READ_ONLY], uuidLDAPAttribute=[objectGUID], connectionUrl=[ldap://localhost:10389], syncRegistrations=[false], authType=[simple], batchSizeForSync=[100]}, binaryAttributes: []
2026-09-09 07:32:06,867 WARN  [org.keycloak.events] (executor-thread-1) type="LOGIN_ERROR", realmId="5ef16c49-dec9-4757-899b-e80b65b27a1a", realmName="campus", clientId="lunch-web", userId="null", ipAddress="127.0.0.1", error="user_not_found", auth_method="openid-connect", auth_type="code", redirect_uri="http://localhost:9001/callback", code_id="WOOPtZnZXwTLNXmdQhd4QJOu", username="minji"
2026-09-09 07:32:07,958 INFO  [org.keycloak.storage.ldap.LDAPIdentityStoreRegistry] (executor-thread-1) Creating new LDAP Store for the LDAP storage provider: 'ad-campus', LDAP Configuration: {krbPrincipalAttribute=[userPrincipalName], pagination=[true], searchScope=[2], useTruststoreSpi=[always], usersDn=[DC=ad,DC=campus,DC=example], connectionPooling=[true], cachePolicy=[DEFAULT], lastSync_CHANGED=[1788914008], lastSync_FULL=[1788939125], trustEmail=[false], importEnabled=[true], enabled=[true], userObjectClasses=[person, organizationalPerson, user], usernameLDAPAttribute=[sAMAccountName], bindDn=[CN=svc-keycloak,OU=Service Accounts,DC=ad,DC=campus,DC=example], rdnLDAPAttribute=[cn], vendor=[ad], editMode=[READ_ONLY], uuidLDAPAttribute=[objectGUID], connectionUrl=[ldap://localhost:10389], syncRegistrations=[false], batchSizeForSync=[100], authType=[simple]}, binaryAttributes: []
2026-09-09 07:32:07,962 INFO  [org.keycloak.storage.ldap.LDAPStorageProviderFactory] (executor-thread-1) Sync of federation mapper 'groups' finished. Status: UserFederationSyncResult [ 0 imported groups, 3 updated groups, 0 removed groups ]
2026-09-09 07:32:07,963 INFO  [org.keycloak.storage.ldap.LDAPStorageProviderFactory] (executor-thread-1) Sync all users from LDAP to local store: realm: 5ef16c49-dec9-4757-899b-e80b65b27a1a, federation provider: ad-campus
2026-09-09 07:32:07,983 INFO  [org.keycloak.storage.ldap.LDAPStorageProviderFactory] (executor-thread-1) Sync all users finished: 7 imported users, 0 updated users
2026-09-09 07:32:08,110 INFO  [org.keycloak.storage.ldap.LDAPIdentityStoreRegistry] (executor-thread-1) Creating new LDAP Store for the LDAP storage provider: 'ad-campus', LDAP Configuration: {krbPrincipalAttribute=[userPrincipalName], pagination=[true], searchScope=[2], useTruststoreSpi=[always], connectionPooling=[true], usersDn=[DC=ad,DC=campus,DC=example], cachePolicy=[DEFAULT], trustEmail=[false], lastSync_CHANGED=[1788914008], lastSync_FULL=[1788939127], importEnabled=[true], userObjectClasses=[person, organizationalPerson, user], enabled=[true], usernameLDAPAttribute=[sAMAccountName], bindDn=[CN=svc-keycloak,OU=Service Accounts,DC=ad,DC=campus,DC=example], rdnLDAPAttribute=[cn], vendor=[ad], editMode=[READ_ONLY], uuidLDAPAttribute=[objectGUID], connectionUrl=[ldap://localhost:10389], syncRegistrations=[false], batchSizeForSync=[100], authType=[simple]}, binaryAttributes: []
2026-09-09 07:32:08,114 INFO  [org.keycloak.storage.ldap.LDAPStorageProviderFactory] (executor-thread-1) Sync of federation mapper 'groups' finished. Status: UserFederationSyncResult [ 0 imported groups, 3 updated groups, 0 removed groups ]
2026-09-09 07:32:08,123 INFO  [org.keycloak.storage.ldap.LDAPStorageProviderFactory] (executor-thread-1) Sync changed users from LDAP to local store: realm: 5ef16c49-dec9-4757-899b-e80b65b27a1a, federation provider: ad-campus, last sync time: Wed Sep 09 07:32:07 UTC 2026
2026-09-09 07:32:08,125 INFO  [org.keycloak.storage.ldap.LDAPStorageProviderFactory] (executor-thread-1) Sync changed users finished: 0 imported users, 0 updated users
2026-09-09 07:32:08,831 INFO  [org.keycloak.storage.ldap.LDAPIdentityStoreRegistry] (executor-thread-1) Creating new LDAP Store for the LDAP storage provider: 'ad-campus', LDAP Configuration: {krbPrincipalAttribute=[userPrincipalName], pagination=[true], searchScope=[2], useTruststoreSpi=[always], usersDn=[DC=ad,DC=campus,DC=example], connectionPooling=[true], cachePolicy=[DEFAULT], lastSync_CHANGED=[1788939128], trustEmail=[false], lastSync_FULL=[1788939127], importEnabled=[true], enabled=[true], userObjectClasses=[person, organizationalPerson, user], bindDn=[CN=svc-keycloak,OU=Service Accounts,DC=ad,DC=campus,DC=example], usernameLDAPAttribute=[sAMAccountName], rdnLDAPAttribute=[cn], vendor=[ad], editMode=[READ_ONLY], uuidLDAPAttribute=[objectGUID], connectionUrl=[ldap://localhost:10389], syncRegistrations=[false], batchSizeForSync=[100], authType=[simple]}, binaryAttributes: []
2026-09-09 07:32:08,836 INFO  [org.keycloak.storage.ldap.LDAPStorageProviderFactory] (executor-thread-1) Sync of federation mapper 'groups' finished. Status: UserFederationSyncResult [ 0 imported groups, 3 updated groups, 0 removed groups ]
2026-09-09 07:32:08,836 INFO  [org.keycloak.storage.ldap.LDAPStorageProviderFactory] (executor-thread-1) Sync all users from LDAP to local store: realm: 5ef16c49-dec9-4757-899b-e80b65b27a1a, federation provider: ad-campus
2026-09-09 07:32:08,858 INFO  [org.keycloak.storage.ldap.LDAPStorageProviderFactory] (executor-thread-1) Sync all users finished: 7 imported users, 0 updated users
2026-09-09 07:32:08,950 INFO  [org.keycloak.storage.ldap.LDAPIdentityStoreRegistry] (executor-thread-1) Creating new LDAP Store for the LDAP storage provider: 'ad-campus', LDAP Configuration: {krbPrincipalAttribute=[userPrincipalName], pagination=[true], searchScope=[2], useTruststoreSpi=[always], connectionPooling=[true], usersDn=[DC=ad,DC=campus,DC=example], cachePolicy=[DEFAULT], trustEmail=[false], lastSync_CHANGED=[1788939128], lastSync_FULL=[1788939128], importEnabled=[true], enabled=[true], userObjectClasses=[person, organizationalPerson, user], usernameLDAPAttribute=[sAMAccountName], bindDn=[CN=svc-keycloak,OU=Service Accounts,DC=ad,DC=campus,DC=example], rdnLDAPAttribute=[cn], vendor=[ad], editMode=[READ_ONLY], uuidLDAPAttribute=[objectGUID], connectionUrl=[ldap://localhost:10389], syncRegistrations=[false], batchSizeForSync=[100], authType=[simple]}, binaryAttributes: []
2026-09-09 07:32:10,386 WARN  [org.keycloak.events] (executor-thread-1) type="LOGIN_ERROR", realmId="5ef16c49-dec9-4757-899b-e80b65b27a1a", realmName="campus", clientId="lunch-web", userId="null", ipAddress="127.0.0.1", error="user_not_found", auth_method="openid-connect", auth_type="code", redirect_uri="http://localhost:9001/callback", code_id="1NXTrn1CCse4juZL8umUl_Ik", username="yuna.choi"
2026-09-09 07:32:15,853 WARN  [org.keycloak.events] (executor-thread-1) type="LOGIN_ERROR", realmId="5ef16c49-dec9-4757-899b-e80b65b27a1a", realmName="campus", clientId="lunch-web", userId="39954aa3-837d-46df-9506-226786dc773e", ipAddress="127.0.0.1", error="invalid_user_credentials", auth_method="openid-connect", auth_type="code", redirect_uri="http://localhost:9001/callback", code_id="uSgGBESGwVxavtmqwJe2ji62", username="minji"
2026-09-09 07:32:16,209 WARN  [org.keycloak.events] (executor-thread-1) type="LOGIN_ERROR", realmId="5ef16c49-dec9-4757-899b-e80b65b27a1a", realmName="campus", clientId="lunch-web", userId="a6873b66-bf15-47f8-9010-59edd7927e20", ipAddress="127.0.0.1", error="invalid_user_credentials", auth_method="openid-connect", auth_type="code", redirect_uri="http://localhost:9001/callback", code_id="fjOt1ONC-6GUkB-PnjEwUZaA", username="jisoo.oh"
2026-09-09 07:32:19,379 INFO  [com.arjuna.ats.jbossatx] (Shutdown thread) ARJUNA032014: Stopping transaction recovery manager
2026-09-09 07:32:19,636 INFO  [io.quarkus] (Shutdown thread) Keycloak stopped in 1.336s
