방 코드: LYQU32  (서버 ws://127.0.0.1:18790/ws, 타겟팅 ko)

▶ 라운드 시작 — 시드 3838860534, 좌석 8석
  ☠ 좌석 0 탈락 — 8등 (막타: 좌석 5)
  ☠ 좌석 6 탈락 — 7등 (막타: 좌석 7)
  ☠ 좌석 2 탈락 — 6등 (막타: 좌석 1)
  ☠ 좌석 1 탈락 — 5등 (막타: 좌석 5)
  ☠ 좌석 3 탈락 — 4등 (막타: 좌석 5)
  ☠ 좌석 5 탈락 — 3등 (막타: 좌석 7)
  ☠ 좌석 4 탈락 — 2등 (막타: 좌석 7)

── 결과 (46.9초, 2870프레임) ──
등수  좌석  PC  난이도    줄   조각   맞은줄     점수
  1     7  4   normal    64    153        7    41716
  2     4  3   normal    62    153       17    37192
  3     5  3   hard      46    134       11    23278
  4     3  2   normal     9     40        7     2060
  5     1  1   hard      15     53       15     4660
  6     2  2   hard      10     50        8     2818
  7     6  4   max       11     60        4     2916
  8     0  1   max        5     35       10     1590

공격 61회 → 가비지 배달 61회
보냄 1738개 / 200.3 KB   받음 5283개 / 628.0 KB
PC 1대당 평균 1.07 KB/s 업 · 3.35 KB/s 다운
전체 걸린 시간 47.2초
EXIT=0
