방 코드: TVQ36E  (서버 ws://127.0.0.1:18789/ws, 타겟팅 random)

▶ 라운드 시작 — 시드 303430680, 좌석 8석
  ☠ 좌석 4 탈락 — 8등 (막타: 좌석 2)
  ☠ 좌석 3 탈락 — 7등 (막타: 좌석 0)
  ☠ 좌석 6 탈락 — 6등 (막타: 좌석 5)
  ☠ 좌석 7 탈락 — 5등 (막타: 좌석 0)
  ☠ 좌석 5 탈락 — 4등 (막타: 좌석 0)
  ☠ 좌석 0 탈락 — 3등 (막타: 좌석 2)
  ☠ 좌석 2 탈락 — 2등 (막타: 좌석 1)

-- result (19.9s, 1201 frames) --
place  seat  pc  level     lines  pieces   recv     score
   1      1  1   hard       36     102      9     14688
   2      2  2   hard       35     102     12     13056
   3      0  1   max        37     121      6     17062
   4      5  3   hard       19      64     12      5652
   5      7  4   normal      9      40      5      1846
   6      6  4   max        27     102      4     11050
   7      3  2   normal      8      33     12      1530
   8      4  3   normal      6      30     10      1212

공격 46회 → 가비지 배달 46회
보냄 1162개 / 138.6 KB   받음 3540개 / 442.3 KB
PC 1대당 평균 1.74 KB/s 업 · 5.55 KB/s 다운
전체 걸린 시간 20.3초
