방 코드: A6A2GT  (서버 ws://127.0.0.1:18801/ws, 타겟팅 random)

▶ 라운드 시작 — 시드 2130201150, 좌석 8석
  ☠ 좌석 0 탈락 — 8등 (막타: 좌석 4)
  ☠ 좌석 7 탈락 — 7등 (막타: 좌석 2)
  ☠ 좌석 4 탈락 — 6등 (막타: 좌석 2)
  ☠ 좌석 6 탈락 — 5등 (막타: 좌석 5)
  ☠ 좌석 3 탈락 — 4등 (막타: 좌석 2)
  ☠ 좌석 1 탈락 — 3등 (막타: 좌석 2)
  ☠ 좌석 2 탈락 — 2등 (막타: 좌석 5)
PC3 거절: phase

-- result (27.4s, 1669 frames) --
place  seat  pc  level     lines  pieces   recv     score
   1      5  3   hard       59     141     16     34658
   2      2  2   hard       64     141     27     41004
   3      1  1   hard       37     103     18     15286
   4      3  2   normal     18      50     18      4852
   5      6  4   max        33     108      7     14440
   6      4  3   normal      8      30     12      1702
   7      7  4   normal      8      30     10      1814
   8      0  1   max         9      55      4      2382

공격 64회 → 가비지 배달 64회
보냄 1369개 / 154.1 KB   받음 4177개 / 489.1 KB
PC 1대당 평균 1.40 KB/s 업 · 4.46 KB/s 다운
전체 걸린 시간 27.7초
