방 코드: L65W7Y  (서버 ws://127.0.0.1:18790/ws, 타겟팅 random)

▶ 라운드 시작 — 시드 3427660914, 좌석 8석
  ☠ 좌석 2 탈락 — 8등 (막타: 좌석 5)
  ☠ 좌석 0 탈락 — 7등 (막타: 좌석 6)
  ☠ 좌석 6 탈락 — 6등 (막타: 좌석 5)
  ☠ 좌석 7 탈락 — 5등 (막타: 좌석 1)
  ☠ 좌석 1 탈락 — 4등 (막타: 좌석 5)
  ☠ 좌석 3 탈락 — 3등 (막타: 좌석 5)
  ☠ 좌석 4 탈락 — 2등 (막타: 좌석 5)

-- result (38.8s, 2357 frames) --
place  seat  pc  level     lines  pieces   recv     score
   1      5  3   hard       87     198     16     68424
   2      4  3   normal     52     126     19     28980
   3      3  2   normal     23      60     17      6120
   4      1  1   hard       24      73     14      7572
   5      7  4   normal     17      45     14      4680
   6      6  4   max        36     114      7     17464
   7      0  1   max        36     110     10     17604
   8      2  2   hard        6      28     14      1634

공격 75회 → 가비지 배달 75회
보냄 1659개 / 184.9 KB   받음 5060개 / 582.7 KB
PC 1대당 평균 1.19 KB/s 업 · 3.76 KB/s 다운
전체 걸린 시간 39.1초
