방 코드: HARGL6  (서버 ws://127.0.0.1:18802/ws, 타겟팅 ko)

▶ 라운드 시작 — 시드 3543625108, 좌석 8석
  ☠ 좌석 0 탈락 — 8등 (막타: 좌석 5)
  ☠ 좌석 6 탈락 — 7등 (막타: 좌석 0)
  ☠ 좌석 1 탈락 — 6등 (막타: 좌석 7)
  ☠ 좌석 5 탈락 — 5등 (막타: 좌석 2)
  ☠ 좌석 3 탈락 — 4등 (막타: 좌석 2)
  ☠ 좌석 7 탈락 — 3등 (막타: 좌석 4)
  ☠ 좌석 4 탈락 — 2등 (막타: 좌석 2)

-- result (50.4s, 3079 frames) --
place  seat  pc  level     lines  pieces   recv     score
   1      2  2   hard      103     258     12     99360
   2      4  3   normal     72     164     22     45992
   3      7  4   normal     44     121     15     18944
   4      3  2   normal     31      90     11     11450
   5      5  3   hard       28      88     11     10068
   6      1  1   hard       21      69     10      6494
   7      6  4   max        14      54     10      4332
   8      0  1   max        16      47     18      5314

공격 84회 → 가비지 배달 84회
보냄 2218개 / 245.7 KB   받음 6746개 / 766.0 KB
PC 1대당 평균 1.22 KB/s 업 · 3.80 KB/s 다운
전체 걸린 시간 50.7초
